=== gate 5f-G  2026-09-30T22:55:39Z  reps=8 ===
  lith: lith dev
  netCDF4 1.7.2 libnetcdf 4.9.4-development hdf5 1.14.2
  host: ip-172-31-39-157 16 cores
hco-dd-r0-1 lith_distinct_bytes_read 3.77683968e+09 wall=3.422592605
hco-dd-r0-1 lith_prefetch_issued_total 3586 wall=3.422592605
hco-dd-r0-1 lith_prefetch_used_total 3586 wall=3.422592605
hco-dd-r0-1 lith_s3_bytes_total 3.776834855e+09 wall=3.422592605
hco-dd-r0-1 lith_s3_requests_total{op="get",status="ok"} 465 wall=3.422592605
hco-dd-r4-1 lith_distinct_bytes_read 3.77683968e+09 wall=3.102463154
hco-dd-r4-1 lith_prefetch_issued_total 3586 wall=3.102463154
hco-dd-r4-1 lith_prefetch_used_total 3586 wall=3.102463154
hco-dd-r4-1 lith_s3_bytes_total 3.776834855e+09 wall=3.102463154
hco-dd-r4-1 lith_s3_requests_total{op="get",status="ok"} 465 wall=3.102463154
hco-dd-r0-2 lith_distinct_bytes_read 3.77683968e+09 wall=2.880882869
hco-dd-r0-2 lith_prefetch_issued_total 3586 wall=2.880882869
hco-dd-r0-2 lith_prefetch_used_total 3586 wall=2.880882869
hco-dd-r0-2 lith_s3_bytes_total 3.776834855e+09 wall=2.880882869
hco-dd-r0-2 lith_s3_requests_total{op="get",status="ok"} 465 wall=2.880882869
hco-dd-r4-2 lith_distinct_bytes_read 3.77683968e+09 wall=3.027162375
hco-dd-r4-2 lith_prefetch_issued_total 3586 wall=3.027162375
hco-dd-r4-2 lith_prefetch_used_total 3586 wall=3.027162375
hco-dd-r4-2 lith_s3_bytes_total 3.776834855e+09 wall=3.027162375
hco-dd-r4-2 lith_s3_requests_total{op="get",status="ok"} 465 wall=3.027162375
hco-dd-r0-3 lith_distinct_bytes_read 3.77683968e+09 wall=2.727038739
hco-dd-r0-3 lith_prefetch_issued_total 3586 wall=2.727038739
hco-dd-r0-3 lith_prefetch_used_total 3586 wall=2.727038739
hco-dd-r0-3 lith_s3_bytes_total 3.776834855e+09 wall=2.727038739
hco-dd-r0-3 lith_s3_requests_total{op="get",status="ok"} 465 wall=2.727038739
hco-dd-r4-3 lith_distinct_bytes_read 3.77683968e+09 wall=2.969627240
hco-dd-r4-3 lith_prefetch_issued_total 3586 wall=2.969627240
hco-dd-r4-3 lith_prefetch_used_total 3586 wall=2.969627240
hco-dd-r4-3 lith_s3_bytes_total 3.776834855e+09 wall=2.969627240
hco-dd-r4-3 lith_s3_requests_total{op="get",status="ok"} 465 wall=2.969627240
hco-dd-r0-4 lith_distinct_bytes_read 3.77683968e+09 wall=3.065422540
hco-dd-r0-4 lith_prefetch_issued_total 3586 wall=3.065422540
hco-dd-r0-4 lith_prefetch_used_total 3586 wall=3.065422540
hco-dd-r0-4 lith_s3_bytes_total 3.776834855e+09 wall=3.065422540
hco-dd-r0-4 lith_s3_requests_total{op="get",status="ok"} 465 wall=3.065422540
hco-dd-r4-4 lith_distinct_bytes_read 3.77683968e+09 wall=2.988439360
hco-dd-r4-4 lith_prefetch_issued_total 3586 wall=2.988439360
hco-dd-r4-4 lith_prefetch_used_total 3586 wall=2.988439360
hco-dd-r4-4 lith_s3_bytes_total 3.776834855e+09 wall=2.988439360
hco-dd-r4-4 lith_s3_requests_total{op="get",status="ok"} 465 wall=2.988439360
hco-dd-r0-5 lith_distinct_bytes_read 3.77683968e+09 wall=2.819105155
hco-dd-r0-5 lith_prefetch_issued_total 3586 wall=2.819105155
hco-dd-r0-5 lith_prefetch_used_total 3586 wall=2.819105155
hco-dd-r0-5 lith_s3_bytes_total 3.776834855e+09 wall=2.819105155
hco-dd-r0-5 lith_s3_requests_total{op="get",status="ok"} 465 wall=2.819105155
hco-dd-r4-5 lith_distinct_bytes_read 3.77683968e+09 wall=3.065337413
hco-dd-r4-5 lith_prefetch_issued_total 3586 wall=3.065337413
hco-dd-r4-5 lith_prefetch_used_total 3586 wall=3.065337413
hco-dd-r4-5 lith_s3_bytes_total 3.776834855e+09 wall=3.065337413
hco-dd-r4-5 lith_s3_requests_total{op="get",status="ok"} 465 wall=3.065337413
hco-dd-r0-6 lith_distinct_bytes_read 3.77683968e+09 wall=2.943330941
hco-dd-r0-6 lith_prefetch_issued_total 3586 wall=2.943330941
hco-dd-r0-6 lith_prefetch_used_total 3586 wall=2.943330941
hco-dd-r0-6 lith_s3_bytes_total 3.776834855e+09 wall=2.943330941
hco-dd-r0-6 lith_s3_requests_total{op="get",status="ok"} 465 wall=2.943330941
hco-dd-r4-6 lith_distinct_bytes_read 3.77683968e+09 wall=3.079594758
hco-dd-r4-6 lith_prefetch_issued_total 3586 wall=3.079594758
hco-dd-r4-6 lith_prefetch_used_total 3586 wall=3.079594758
hco-dd-r4-6 lith_s3_bytes_total 3.776834855e+09 wall=3.079594758
hco-dd-r4-6 lith_s3_requests_total{op="get",status="ok"} 465 wall=3.079594758
hco-dd-r0-7 lith_distinct_bytes_read 3.77683968e+09 wall=2.834425020
hco-dd-r0-7 lith_prefetch_issued_total 3586 wall=2.834425020
hco-dd-r0-7 lith_prefetch_used_total 3586 wall=2.834425020
hco-dd-r0-7 lith_s3_bytes_total 3.776834855e+09 wall=2.834425020
hco-dd-r0-7 lith_s3_requests_total{op="get",status="ok"} 465 wall=2.834425020
hco-dd-r4-7 lith_distinct_bytes_read 3.77683968e+09 wall=3.222219308
hco-dd-r4-7 lith_prefetch_issued_total 3586 wall=3.222219308
hco-dd-r4-7 lith_prefetch_used_total 3586 wall=3.222219308
hco-dd-r4-7 lith_s3_bytes_total 3.776834855e+09 wall=3.222219308
hco-dd-r4-7 lith_s3_requests_total{op="get",status="ok"} 465 wall=3.222219308
hco-dd-r0-8 lith_distinct_bytes_read 3.77683968e+09 wall=2.710893114
hco-dd-r0-8 lith_prefetch_issued_total 3586 wall=2.710893114
hco-dd-r0-8 lith_prefetch_used_total 3586 wall=2.710893114
hco-dd-r0-8 lith_s3_bytes_total 3.776834855e+09 wall=2.710893114
hco-dd-r0-8 lith_s3_requests_total{op="get",status="ok"} 465 wall=2.710893114
hco-dd-r4-8 lith_distinct_bytes_read 3.77683968e+09 wall=3.169398760
hco-dd-r4-8 lith_prefetch_issued_total 3586 wall=3.169398760
hco-dd-r4-8 lith_prefetch_used_total 3586 wall=3.169398760
hco-dd-r4-8 lith_s3_bytes_total 3.776834855e+09 wall=3.169398760
hco-dd-r4-8 lith_s3_requests_total{op="get",status="ok"} 465 wall=3.169398760
=== done 2026-09-30T22:56:48Z ===
