=== gate 5f-G  2026-09-30T22:49:43Z  reps=8 ===
  lith: lith dev
  netCDF4 1.7.2 libnetcdf 4.9.4-development hdf5 1.14.2
  host: ip-172-31-39-157 16 cores
hco-dd-r0-1 lith_distinct_bytes_read 3.77683968e+09 wall=9.135897330
hco-dd-r0-1 lith_prefetch_issued_total 3586 wall=9.135897330
hco-dd-r0-1 lith_prefetch_used_total 3586 wall=9.135897330
hco-dd-r0-1 lith_s3_bytes_total 3.776834855e+09 wall=9.135897330
hco-dd-r0-1 lith_s3_requests_total{op="get",status="ok"} 465 wall=9.135897330
hco-dd-r4-1 lith_distinct_bytes_read 3.77683968e+09 wall=22.067295674
hco-dd-r4-1 lith_prefetch_issued_total 3586 wall=22.067295674
hco-dd-r4-1 lith_prefetch_used_total 3586 wall=22.067295674
hco-dd-r4-1 lith_s3_bytes_total 3.776834855e+09 wall=22.067295674
hco-dd-r4-1 lith_s3_requests_total{op="get",status="ok"} 465 wall=22.067295674
hco-dd-r0-2 lith_distinct_bytes_read 3.77683968e+09 wall=10.694320196
hco-dd-r0-2 lith_prefetch_issued_total 3586 wall=10.694320196
hco-dd-r0-2 lith_prefetch_used_total 3586 wall=10.694320196
hco-dd-r0-2 lith_s3_bytes_total 3.776834855e+09 wall=10.694320196
hco-dd-r0-2 lith_s3_requests_total{op="get",status="ok"} 465 wall=10.694320196
hco-dd-r4-2 lith_distinct_bytes_read 3.77683968e+09 wall=29.107948313
hco-dd-r4-2 lith_prefetch_issued_total 3586 wall=29.107948313
hco-dd-r4-2 lith_prefetch_used_total 3586 wall=29.107948313
hco-dd-r4-2 lith_s3_bytes_total 3.776834855e+09 wall=29.107948313
hco-dd-r4-2 lith_s3_requests_total{op="get",status="ok"} 465 wall=29.107948313
hco-dd-r0-3 lith_distinct_bytes_read 3.77683968e+09 wall=12.491983981
hco-dd-r0-3 lith_prefetch_issued_total 3586 wall=12.491983981
hco-dd-r0-3 lith_prefetch_used_total 3586 wall=12.491983981
hco-dd-r0-3 lith_s3_bytes_total 3.776834855e+09 wall=12.491983981
hco-dd-r0-3 lith_s3_requests_total{op="get",status="ok"} 465 wall=12.491983981
hco-dd-r4-3 lith_distinct_bytes_read 3.77683968e+09 wall=17.161025325
hco-dd-r4-3 lith_prefetch_issued_total 3586 wall=17.161025325
hco-dd-r4-3 lith_prefetch_used_total 3586 wall=17.161025325
hco-dd-r4-3 lith_s3_bytes_total 3.776834855e+09 wall=17.161025325
hco-dd-r4-3 lith_s3_requests_total{op="get",status="ok"} 465 wall=17.161025325
hco-dd-r0-4 lith_distinct_bytes_read 3.77683968e+09 wall=8.032055229
hco-dd-r0-4 lith_prefetch_issued_total 3586 wall=8.032055229
hco-dd-r0-4 lith_prefetch_used_total 3586 wall=8.032055229
hco-dd-r0-4 lith_s3_bytes_total 3.776834855e+09 wall=8.032055229
hco-dd-r0-4 lith_s3_requests_total{op="get",status="ok"} 465 wall=8.032055229
hco-dd-r4-4 lith_distinct_bytes_read 3.77683968e+09 wall=23.270228697
hco-dd-r4-4 lith_prefetch_issued_total 3586 wall=23.270228697
hco-dd-r4-4 lith_prefetch_used_total 3586 wall=23.270228697
hco-dd-r4-4 lith_s3_bytes_total 3.776834855e+09 wall=23.270228697
hco-dd-r4-4 lith_s3_requests_total{op="get",status="ok"} 465 wall=23.270228697
hco-dd-r0-5 lith_distinct_bytes_read 3.77683968e+09 wall=7.193187512
hco-dd-r0-5 lith_prefetch_issued_total 3586 wall=7.193187512
hco-dd-r0-5 lith_prefetch_used_total 3586 wall=7.193187512
hco-dd-r0-5 lith_s3_bytes_total 3.776834855e+09 wall=7.193187512
hco-dd-r0-5 lith_s3_requests_total{op="get",status="ok"} 465 wall=7.193187512
hco-dd-r4-5 lith_distinct_bytes_read 3.77683968e+09 wall=21.413063288
hco-dd-r4-5 lith_prefetch_issued_total 3586 wall=21.413063288
hco-dd-r4-5 lith_prefetch_used_total 3586 wall=21.413063288
hco-dd-r4-5 lith_s3_bytes_total 3.776834855e+09 wall=21.413063288
hco-dd-r4-5 lith_s3_requests_total{op="get",status="ok"} 465 wall=21.413063288
hco-dd-r0-6 lith_distinct_bytes_read 3.77683968e+09 wall=8.935734415
hco-dd-r0-6 lith_prefetch_issued_total 3586 wall=8.935734415
hco-dd-r0-6 lith_prefetch_used_total 3586 wall=8.935734415
hco-dd-r0-6 lith_s3_bytes_total 3.776834855e+09 wall=8.935734415
hco-dd-r0-6 lith_s3_requests_total{op="get",status="ok"} 465 wall=8.935734415
hco-dd-r4-6 lith_distinct_bytes_read 3.77683968e+09 wall=22.635372979
hco-dd-r4-6 lith_prefetch_issued_total 3586 wall=22.635372979
hco-dd-r4-6 lith_prefetch_used_total 3586 wall=22.635372979
hco-dd-r4-6 lith_s3_bytes_total 3.776834855e+09 wall=22.635372979
hco-dd-r4-6 lith_s3_requests_total{op="get",status="ok"} 465 wall=22.635372979
hco-dd-r0-7 lith_distinct_bytes_read 3.77683968e+09 wall=7.207245670
hco-dd-r0-7 lith_prefetch_issued_total 3586 wall=7.207245670
hco-dd-r0-7 lith_prefetch_used_total 3586 wall=7.207245670
hco-dd-r0-7 lith_s3_bytes_total 3.776834855e+09 wall=7.207245670
hco-dd-r0-7 lith_s3_requests_total{op="get",status="ok"} 465 wall=7.207245670
hco-dd-r4-7 lith_distinct_bytes_read 3.77683968e+09 wall=19.533133550
hco-dd-r4-7 lith_prefetch_issued_total 3586 wall=19.533133550
hco-dd-r4-7 lith_prefetch_used_total 3586 wall=19.533133550
hco-dd-r4-7 lith_s3_bytes_total 3.776834855e+09 wall=19.533133550
hco-dd-r4-7 lith_s3_requests_total{op="get",status="ok"} 465 wall=19.533133550
hco-dd-r0-8 lith_distinct_bytes_read 3.77683968e+09 wall=8.082789923
hco-dd-r0-8 lith_prefetch_issued_total 3586 wall=8.082789923
hco-dd-r0-8 lith_prefetch_used_total 3586 wall=8.082789923
hco-dd-r0-8 lith_s3_bytes_total 3.776834855e+09 wall=8.082789923
hco-dd-r0-8 lith_s3_requests_total{op="get",status="ok"} 465 wall=8.082789923
hco-dd-r4-8 lith_distinct_bytes_read 3.77683968e+09 wall=21.241177795
hco-dd-r4-8 lith_prefetch_issued_total 3586 wall=21.241177795
hco-dd-r4-8 lith_prefetch_used_total 3586 wall=21.241177795
hco-dd-r4-8 lith_s3_bytes_total 3.776834855e+09 wall=21.241177795
hco-dd-r4-8 lith_s3_requests_total{op="get",status="ok"} 465 wall=21.241177795
=== done 2026-09-30T22:54:12Z ===
